// Jest Snapshot v1, https://goo.gl/fbAQLP

exports[`<PageFooter /> should be rendered correctly 1`] = `
<footer
  className="page-footer"
>
  <Logo />
</footer>
`;
