// Jest Snapshot v1, https://goo.gl/fbAQLP

exports[`render correctly 1`] = `
<div>
  <img
    alt="bla-bla"
    src=""
  />
  <h3>
    Tile
  </h3>
  <span>
    date
  </span>
  <span>
    genre
  </span>
</div>
`;
