// Jest Snapshot v1, https://goo.gl/fbAQLP

exports[`<Logo /> should be rendered correctly 1`] = `
<h1
  className="logo"
>
  netflixroulette
</h1>
`;
