// Jest Snapshot v1, https://goo.gl/fbAQLP

exports[`<AppErrorBoundary /> should be rendered correctly 1`] = `
<AppErrorBoundary>
  <div>
    child 1
  </div>
  <div>
    child 2
  </div>
</AppErrorBoundary>
`;
