// Jest Snapshot v1, https://goo.gl/fbAQLP

exports[`render correctly 1`] = `
<footer>
  <h1>
    netflixroullete
  </h1>
</footer>
`;
