// Jest Snapshot v1, https://goo.gl/fbAQLP

exports[`<App /> should be rendered correctly 1`] = `
<AppErrorBoundary>
  <Provider
    store={
      Object {
        "dispatch": [Function],
        "getState": [Function],
        "replaceReducer": [Function],
        "subscribe": [Function],
        Symbol(observable): [Function],
      }
    }
  >
    <PersistGate
      loading={null}
      persistor={
        Object {
          "dispatch": [Function],
          "flush": [Function],
          "getState": [Function],
          "pause": [Function],
          "persist": [Function],
          "purge": [Function],
          "replaceReducer": [Function],
          "subscribe": [Function],
          Symbol(observable): [Function],
        }
      }
    >
      <div
        className="page-container"
      >
        <PageHeader />
        <div
          className="page-container__content"
        >
          <Connect(FilmResults) />
        </div>
        <PageFooter />
      </div>
    </PersistGate>
  </Provider>
</AppErrorBoundary>
`;
