// Jest Snapshot v1, https://goo.gl/fbAQLP

exports[`render correctly 1`] = `
<header>
  <h1>
    netflixroullete
  </h1>
</header>
`;
