// Jest Snapshot v1, https://goo.gl/fbAQLP

exports[`<DummyInput /> should be rendered correctly 1`] = `
<div
  className="input"
>
  <span
    className="input__icon"
  >
    â†µ
  </span>
  <input
    className="input__text"
    type="text"
  />
</div>
`;
