// Jest Snapshot v1, https://goo.gl/fbAQLP

exports[`<SearchResultsContainer /> should render properly 1`] = `
<Route>
  <Component />
</Route>
`;
