// Jest Snapshot v1, https://goo.gl/fbAQLP

exports[`<FilmResultReleaseDate /> should be rendered correctly 1`] = `
<Fragment>
  2000
</Fragment>
`;
